30 mtime=1554917520.310653973
30 atime=1554917520.422653111
30 ctime=1554917520.310653973
